Program Version,EnergyPlus, Version 25.2.0-cf7368216c, YMD=2026.01.22 17:47,
   ** Warning ** Version: in IDF="24.2" not the same as expected="25.2"
   ** Warning ** Version: in IDF="24.2" not the same as expected="25.2"
   ** Warning ** ProcessScheduleInput: Schedule:Compact = HX_SH_ONOFF
   **   ~~~   ** Schedule Type Limits Name = ONOFF, item not found.
   **   ~~~   ** Schedule will not be validated.
   ** Warning ** ProcessScheduleInput: ProcessIntervalFields, Processing time fields, zero time interval detected, Schedule:Compact DaySchedule Fields=SCHEDULE_DHW_USE_FL0_THZ0_dy_1
   ** Warning ** ProcessScheduleInput: ProcessIntervalFields, Processing time fields, zero time interval detected, Schedule:Compact DaySchedule Fields=SCHEDULE_DHW_USE_FL0_THZ0_dy_2
   ** Warning ** ProcessScheduleInput: ProcessIntervalFields, Processing time fields, zero time interval detected, Schedule:Compact DaySchedule Fields=SCHEDULE_DHW_USE_FL1_THZ0_dy_1
   ** Warning ** ProcessScheduleInput: ProcessIntervalFields, Processing time fields, zero time interval detected, Schedule:Compact DaySchedule Fields=SCHEDULE_DHW_USE_FL1_THZ0_dy_2
   ** Warning ** ProcessScheduleInput: Schedule:Compact = SCHEDULE_SUMMER_OFF
   **   ~~~   ** Schedule Type Limits Name = ON/OFF, item not found.
   **   ~~~   ** Schedule will not be validated.
   ** Warning ** ProcessScheduleInput: Schedule:File = SFH_NOMINAL_LIGHTING_FRACTION_SCHEDULE
   **   ~~~   ** Schedule Type Limits Name = FRACTION, item not found.
   **   ~~~   ** Schedule will not be validated.
   ** Warning ** ProcessScheduleInput: Schedule:File = SFH_NOMINAL_OCCUPANCY_FRACTION_SCHEDULE
   **   ~~~   ** Schedule Type Limits Name = FRACTION, item not found.
   **   ~~~   ** Schedule will not be validated.
   ** Warning ** ProcessScheduleInput: Schedule:File = SFH_NOMINAL_ACTIVITY_SCHEDULE
   **   ~~~   ** Schedule Type Limits Name = ANY, item not found.
   **   ~~~   ** Schedule will not be validated.
   ** Warning ** ProcessScheduleInput: Schedule:File = SFH_NOMINAL_ELECTRIC_APPLIANCES_FRACTION_SCHEDULE
   **   ~~~   ** Schedule Type Limits Name = FRACTION, item not found.
   **   ~~~   ** Schedule will not be validated.
   ** Warning ** ProcessScheduleInput: Schedule:Constant = SCHEDULE_SETPOINT_LOOP_GEN
   **   ~~~   ** Schedule Type Limits Name is empty.
   **   ~~~   ** Schedule will not be validated.
   ** Warning ** ProcessScheduleInput: Schedule:Constant = HX_DHW_ONOFF
   **   ~~~   ** Schedule Type Limits Name = ONOFF, item not found.
   **   ~~~   ** Schedule will not be validated.
   ** Warning ** ProcessScheduleInput: Schedule:Constant = SCHEDULE_SETPOINT_LOOP_HX_DHW
   **   ~~~   ** Schedule Type Limits Name is empty.
   **   ~~~   ** Schedule will not be validated.
   ** Warning ** ProcessScheduleInput: Schedule:Constant = SCHEDULE_SETPOINT_LOOP_DHW
   **   ~~~   ** Schedule Type Limits Name is empty.
   **   ~~~   ** Schedule will not be validated.
   ** Warning ** ProcessScheduleInput: Schedule:Constant = SCHEDULE_SETPOINT_LOOP_HX_SH
   **   ~~~   ** Schedule Type Limits Name is empty.
   **   ~~~   ** Schedule will not be validated.
   ** Warning ** ProcessScheduleInput: Schedule:Constant = SCHEDULE_SETPOINT_LOOP_SH
   **   ~~~   ** Schedule Type Limits Name is empty.
   **   ~~~   ** Schedule will not be validated.
   ** Warning ** ProcessScheduleInput: Schedule:Constant = SCHEDULE_HX_SOL_AVAILABILITY
   **   ~~~   ** Schedule Type Limits Name is empty.
   **   ~~~   ** Schedule will not be validated.
   ** Warning ** ProcessScheduleInput: Schedule:Constant = SCHEDULE_SETPOINT_LOOP_SOL_HX
   **   ~~~   ** Schedule Type Limits Name is empty.
   **   ~~~   ** Schedule will not be validated.
   ** Warning ** ProcessScheduleInput: Schedule:Constant = ALWAYS ON DISCRETE
   **   ~~~   ** Schedule Type Limits Name = ONOFF, item not found.
   **   ~~~   ** Schedule will not be validated.
   ************* Beginning Zone Sizing Calculations
   ** Warning ** CalculateZoneVolume: 2 zones are not fully enclosed. For more details use:  Output:Diagnostics,DisplayExtrawarnings; 
   ** Warning ** SolarCollector:FlatPlate:Water = SOLAR_COLLECTOR_FLATPLATE:  Gross Area of solar collector parameters and surface object differ by more than 1%.
   **   ~~~   ** Area of surface object will be used in all calculations.
   ************* Beginning Plant Sizing Calculations
   ************* Testing Individual Branch Integrity
   ************* All Branches passed integrity testing
   ************* Testing Individual Supply Air Path Integrity
   ************* All Supply Air Paths passed integrity testing
   ************* Testing Individual Return Air Path Integrity
   ************* All Return Air Paths passed integrity testing
   ************* No node connection errors were found.
   ************* Beginning Simulation
   ** Warning ** CalcEquipmentFlowRates: "DHW_FL0_THZ0" - Target water temperature is greater than the hot water temperature by (2.71E-002 C)
   **   ~~~   **  Environment=DEFAULTRUNPERIOD, at Simulation time=01/01 00:00 - 00:15
   **   ~~~   ** ...target water temperature     = 50.00 C
   **   ~~~   ** ...hot water temperature        = 49.97 C
   **   ~~~   ** ...Target water temperature should be less than or equal to the hot water temperature. Verify temperature setpoints and schedules.
   ** Warning ** CalcEquipmentFlowRates: "DHW_FL1_THZ0" - Target water temperature is greater than the hot water temperature by (2.71E-002 C)
   **   ~~~   **  Environment=DEFAULTRUNPERIOD, at Simulation time=01/01 00:00 - 00:15
   **   ~~~   ** ...target water temperature     = 50.00 C
   **   ~~~   ** ...hot water temperature        = 49.97 C
   **   ~~~   ** ...Target water temperature should be less than or equal to the hot water temperature. Verify temperature setpoints and schedules.
   ** Warning ** GlycolProps::getDensity: Temperature is out of range (too high) for fluid [WATER] density **
   **   ~~~   ** ..Called From:NodeReportingCalc:NODE_SOL_HX_4_0,Temperature=[105.17], supplied data range=[0.00,100.00]
   **   ~~~   **  Environment=DEFAULTRUNPERIOD, at Simulation time=01/01 10:45 - 11:00
   ** Warning ** GlycolProps::getSpecificHeat: Temperature is out of range (too low) for fluid [WATER] specific heat supplied values **
   **   ~~~   ** ..Called From:UpdateSolarCollector,Temperature=[-5.26E-002], supplied data range=[0.00,125.00]
   **   ~~~   **  Environment=DEFAULTRUNPERIOD, at Simulation time=01/02 02:00 - 02:15
   ** Warning ** GlycolProps::getDensity: Temperature is out of range (too low) for fluid [WATER] density **
   **   ~~~   ** ..Called From:NodeReportingCalc:NODE_SOL_HX_4_0,Temperature=[-5.26E-002], supplied data range=[0.00,100.00]
   **   ~~~   **  Environment=DEFAULTRUNPERIOD, at Simulation time=01/02 02:00 - 02:15
   ** Warning ** GlycolProps::getSpecificHeat: Temperature is out of range (too high) for fluid [WATER] specific heat **
   **   ~~~   ** ..Called From:UpdateSolarCollector,Temperature=[127.31], supplied data range=[0.00,125.00]
   **   ~~~   **  Environment=DEFAULTRUNPERIOD, at Simulation time=01/02 11:30 - 11:45
   ************* Simulation Error Summary *************
   ** Warning ** The following Report Variables were requested but not generated -- check.rdd file
   **   ~~~   ** Either the IDF did not contain these elements, the variable name is misspelled,
   **   ~~~   ** or the requested variable is an advanced output which requires Output : Diagnostics, DisplayAdvancedReportVariables;
   ************* Key=*, VarName=BOILER DIESEL RATE, Frequency=TimeStep
   ************* Key=*, VarName=HEAT PUMP ELECTRICITY RATE, Frequency=TimeStep
   ************* Key=*, VarName=HEAT PUMP LOAD SIDE HEAT TRANSFER RATE, Frequency=TimeStep
   *************
   ************* ===== Recurring Error Summary =====
   ************* The following recurring error messages occurred.
   *************
   *************  ** Warning ** "DHW_FL0_THZ0" - Target water temperature should be less than or equal to the hot water temperature error continues...
   *************  **   ~~~   **   This error occurred 363465 total times;
   *************  **   ~~~   **   during Warmup 0 times;
   *************  **   ~~~   **   during Sizing 0 times.
   *************  **   ~~~   **   Max=0.052074  Min=0.014749
   *************
   *************  ** Warning ** "DHW_FL1_THZ0" - Target water temperature should be less than or equal to the hot water temperature error continues...
   *************  **   ~~~   **   This error occurred 363465 total times;
   *************  **   ~~~   **   during Warmup 0 times;
   *************  **   ~~~   **   during Sizing 0 times.
   *************  **   ~~~   **   Max=0.052074  Min=0.014749
   *************
   *************  ** Warning ** GlycolProps::getDensity: Temperature out of range (too high) for fluid [WATER] density **
   *************  **   ~~~   **   This error occurred 10740 total times;
   *************  **   ~~~   **   during Warmup 0 times;
   *************  **   ~~~   **   during Sizing 0 times.
   *************  **   ~~~   **   Max=221.683343 {C}  Min=100.008248 {C}
   *************
   *************  ** Warning ** GlycolProps::getSpecificHeat: Temperature out of range (too low) for fluid [WATER] specific heat **
   *************  **   ~~~   **   This error occurred 495 total times;
   *************  **   ~~~   **   during Warmup 0 times;
   *************  **   ~~~   **   during Sizing 0 times.
   *************  **   ~~~   **   Max=-0.002625 {C}  Min=-8.427625 {C}
   *************
   *************  ** Warning ** GlycolProps::getDensity: Temperature out of range (too low) for fluid [WATER] density **
   *************  **   ~~~   **   This error occurred 7318 total times;
   *************  **   ~~~   **   during Warmup 0 times;
   *************  **   ~~~   **   during Sizing 0 times.
   *************  **   ~~~   **   Max=-0.002625 {C}  Min=-8.427625 {C}
   *************
   *************  ** Warning ** GlycolProps::getSpecificHeat: Temperature out of range (too high) for fluid [WATER] specific heat **
   *************  **   ~~~   **   This error occurred 3622 total times;
   *************  **   ~~~   **   during Warmup 0 times;
   *************  **   ~~~   **   during Sizing 0 times.
   *************  **   ~~~   **   Max=221.683343 {C}  Min=125.014170 {C}
   *************
   ************* EnergyPlus Warmup Error Summary. During Warmup: 0 Warning; 0 Severe Errors.
   ************* EnergyPlus Sizing Error Summary. During Sizing: 2 Warning; 0 Severe Errors.
   ************* EnergyPlus Completed Successfully-- 749130 Warning; 0 Severe Errors; Elapsed Time=00hr 00min  2.38sec
